Beim Importieren des Objekts 'mod_HTMLAnsicht_Vollautomatisch' wurde von Microsoft Access ein Fehler festgestellt.

In Zeile 1 wurde ein Fehler entdeckt.
Erwartet: 'Operation'.  Gefunden: Attribute.
